###############################################################################
#
# IAR ELF Linker V8.50.6.265/W32 for ARM                  10/Nov/2020  09:27:13
# Copyright 2007-2020 IAR Systems AB.
#
#    Output file  =
#        C:\Users\Giuseppe
#        Riccio\Documents\LaboratorioLMM\Debug\Exe\MisuraTempo.out
#    Map file     =
#        C:\Users\Giuseppe
#        Riccio\Documents\LaboratorioLMM\Debug\List\MisuraTempo.map
#    Command line =
#        -f C:\Users\GIUSEP~1\AppData\Local\Temp\EW213C.tmp ("C:\Users\Giuseppe
#        Riccio\Documents\LaboratorioLMM\Debug\Obj\main.o" --no_out_extension
#        -o "C:\Users\Giuseppe
#        Riccio\Documents\LaboratorioLMM\Debug\Exe\MisuraTempo.out" --redirect
#        _Printf=_PrintfFullNoMb --redirect _Scanf=_ScanfFullNoMb --map
#        "C:\Users\Giuseppe
#        Riccio\Documents\LaboratorioLMM\Debug\List\MisuraTempo.map" --config
#        "C:\Program Files (x86)\IAR Systems\Embedded Workbench
#        8.4\arm\config\linker\ST\stm32f303xC.icf" --semihosting --entry
#        __iar_program_start --vfe --text_out locale)
#
###############################################################################

*******************************************************************************
*** RUNTIME MODEL ATTRIBUTES
***

CppFlavor       = *
__Heap_Handler  = Basic
__SystemLibrary = DLib
__dlib_version  = 6


*******************************************************************************
*** HEAP SELECTION
***

The basic heap was selected because some modules are built with
size limitations (and not runtime checking), and --advanced_heap
was not specified.


*******************************************************************************
*** PLACEMENT SUMMARY
***

"A0":  place at address 0x800'0000 { ro section .intvec };
"P1":  place in [from 0x800'0000 to 0x803'ffff] { ro };
define block CSTACK with size = 8K, alignment = 8 { };
define block HEAP with size = 8K, alignment = 8 { };
"P2":  place in [from 0x2000'0000 to 0x2000'9fff] {
          rw, block CSTACK, block HEAP };
initialize by copy { rw };

No sections matched the following patterns:

  section .ccmram  in "P3"


  Section            Kind         Address    Size  Object
  -------            ----         -------    ----  ------
"A0":                                        0x40
  .intvec            ro code   0x800'0000    0x40  vector_table_M.o [4]
                             - 0x800'0040    0x40

"P1":                                      0x2851
  .text              ro code   0x800'0040   0xfc2  xprintffull_nomb.o [2]
  .text              ro code   0x800'1002    0x3a  zero_init3.o [4]
  .text              ro code   0x800'103c    0x16  strchr.o [4]
  .rodata            const     0x800'1052     0x2  xlocale_c.o [2]
  .text              ro code   0x800'1054    0x40  xfail_s.o [2]
  .text              ro code   0x800'1094    0x36  strlen.o [4]
  .text              ro code   0x800'10ca     0x2  vector_table_M.o [4]
  .text              ro code   0x800'10cc    0x58  memchr.o [4]
  .text              ro code   0x800'1124    0x76  ABImemcpy_unaligned.o [4]
  .rodata            const     0x800'119a     0x1  xlocale_c.o [2]
  .text              ro code   0x800'119c    0x70  frexp.o [3]
  .text              ro code   0x800'120c    0x2e  DblCmpLe.o [3]
  .text              ro code   0x800'123c    0x2e  DblCmpGe.o [3]
  .text              ro code   0x800'126c   0x13a  ldexp.o [3]
  .text              ro code   0x800'13a8    0x3a  DblToS32.o [3]
  .text              ro code   0x800'13e4    0x22  S32ToDbl.o [3]
  .text              ro code   0x800'1408    0xe2  DblSub.o [3]
  .text              ro code   0x800'14ec   0x246  DblDiv.o [3]
  .text              ro code   0x800'1734    0x28  DblToU32.o [3]
  .text              ro code   0x800'175c    0x1a  U32ToDbl.o [3]
  .text              ro code   0x800'1778   0x1a2  DblMul.o [3]
  .text              ro code   0x800'191c     0x8  xlocale_c.o [2]
  .text              ro code   0x800'1924   0x230  I64DivMod.o [4]
  .text              ro code   0x800'1b54     0x6  abort.o [2]
  .text              ro code   0x800'1b5c   0x16a  DblAdd.o [3]
  .text              ro code   0x800'1cc8     0x2  I64DivZer.o [4]
  .text              ro code   0x800'1ccc    0x14  exit.o [5]
  .text              ro code   0x800'1ce0    0x7c  iarttio.o [5]
  .text              ro code   0x800'1d5c    0x3c  XShttio.o [2]
  .text              ro code   0x800'1d98   0x13c  heap0.o [2]
  .text              ro code   0x800'1ed4    0x2c  xgetmemchunk.o [2]
  .text              ro code   0x800'1f00    0xfc  FltDiv.o [3]
  .text              ro code   0x800'1ffc    0xd8  xfspos.o [2]
  .text              ro code   0x800'20d4    0xac  fflush.o [2]
  .text              ro code   0x800'2180     0xc  xfgpos.o [2]
  .text              ro code   0x800'218c    0x4a  lseek.o [5]
  .text              ro code   0x800'21d6    0x10  write.o [5]
  .text              ro code   0x800'21e8    0xcc  XShHandles.o [2]
  .text              ro code   0x800'22b4    0x1e  dwrite.o [5]
  .text              ro code   0x800'22d2    0x20  iarwstd.o [5]
  .text              ro code   0x800'22f2    0x22  iarwrite.o [5]
  .text              ro code   0x800'2314    0xb4  xfwprep.o [2]
  .text              ro code   0x800'23c8    0x24  fseek.o [2]
  .text              ro code   0x800'23ec    0x9c  xfofind.o [2]
  .text              ro code   0x800'2488     0x4  heaptramp0.o [2]
  .text              ro code   0x800'248c    0x80  main.o [1]
  .text              ro code   0x800'250c    0x24  S32ToFlt.o [3]
  .text              ro code   0x800'2530    0x48  FltToDbl.o [3]
  .text              ro code   0x800'2578    0x28  printf.o [2]
  .text              ro code   0x800'25a0    0x7e  fclose.o [2]
  .text              ro code   0x800'261e    0x18  close.o [5]
  .text              ro code   0x800'2636    0x14  remove.o [5]
  .text              ro code   0x800'264a    0x78  lz77_init_single.o [4]
  .text              ro code   0x800'26c2    0x54  fputc.o [2]
  .text              ro code   0x800'2718    0x3c  xcloseall.o [2]
  .text              ro code   0x800'2754    0x28  data_init.o [4]
  .iar.init_table    const     0x800'277c    0x20  - Linker created -
  .text              ro code   0x800'279c    0x1e  cmain.o [4]
  .text              ro code   0x800'27ba     0x4  low_level_init.o [2]
  .text              ro code   0x800'27be     0x4  exit.o [2]
  .text              ro code   0x800'27c4     0xe  cexit.o [4]
  .rodata            const     0x800'27d4    0x1c  main.o [1]
  .text              ro code   0x800'27f0    0x16  xprout.o [2]
  .text              ro code   0x800'2808     0xc  putchar.o [2]
  .text              ro code   0x800'2814     0xc  cstartup_M.o [4]
  .rodata            const     0x800'2820     0x8  xprintffull_nomb.o [2]
  .text              ro code   0x800'2828     0x0  cstart_closeall.o [4]
  .rodata            const     0x800'2828     0x0  zero_init3.o [4]
  .rodata            const     0x800'2828     0x0  lz77_init_single.o [4]
  Initializer bytes  const     0x800'2828    0x69  <for P2-1>
                             - 0x800'2891  0x2851

"P2", part 1 of 3:                          0x138
  P2-1                        0x2000'0000   0x138  <Init block>
    .data            inited   0x2000'0000    0x38  xlocale_c.o [2]
    .data            inited   0x2000'0038    0x48  xfiles.o [2]
    .data            inited   0x2000'0080    0x48  xfiles.o [2]
    .data            inited   0x2000'00c8    0x48  xfiles.o [2]
    .data            inited   0x2000'0110    0x20  xfiles.o [2]
    .data            inited   0x2000'0130     0x8  XShttio.o [2]
                            - 0x2000'0138   0x138

"P2", part 2 of 3:                          0x138
  .bss               zero     0x2000'0138    0x80  XShHandles.o [2]
  .bss               zero     0x2000'01b8    0x50  xfiles.o [2]
  .bss               zero     0x2000'0208    0x50  xfiles.o [2]
  .bss               zero     0x2000'0258     0x8  heap0.o [2]
  .bss               zero     0x2000'0260     0x4  main.o [1]
  .bss               zero     0x2000'0264     0x4  xfail_s.o [2]
  .bss               zero     0x2000'0268     0x4  xgetmemchunk.o [2]
  .bss               zero     0x2000'026c     0x1  XShttio.o [2]
                            - 0x2000'026d   0x135

"P2", part 3 of 3:                         0x4000
  CSTACK                      0x2000'0270  0x2000  <Block>
    CSTACK           uninit   0x2000'0270  0x2000  <Block tail>
  HEAP                        0x2000'2270  0x2000  <Block>
    HEAP             uninit   0x2000'2270  0x2000  <Block tail>
                            - 0x2000'4270  0x4000

Unused ranges:

         From           To      Size
         ----           --      ----
   0x800'2891   0x803'ffff  0x3'd76f
  0x2000'4270  0x2000'9fff    0x5d90


*******************************************************************************
*** INIT TABLE
***

          Address      Size
          -------      ----
Zero (__iar_zero_init3)
    1 destination range, total size 0x135:
          0x2000'0138  0x135

Copy/lz77 (__iar_lz77_init_single3)
    1 source range, total size 0x69 (33% of destination):
           0x800'2828   0x69
    1 destination range, total size 0x138:
          0x2000'0000  0x138



*******************************************************************************
*** MODULE SUMMARY
***

    Module                 ro code  ro data  rw data
    ------                 -------  -------  -------
command line/config:
    ------------------------------------------------
    Total:

C:\Users\Giuseppe Riccio\Documents\LaboratorioLMM\Debug\Obj: [1]
    main.o                     128       28        4
    ------------------------------------------------
    Total:                     128       28        4

dl7M_tlf.a: [2]
    XShHandles.o               204               128
    XShttio.o                   60        3        9
    abort.o                      6
    exit.o                       4
    fclose.o                   126
    fflush.o                   172
    fputc.o                     84
    fseek.o                     36
    heap0.o                    316                 8
    heaptramp0.o                 4
    low_level_init.o             4
    printf.o                    40
    putchar.o                   12
    xcloseall.o                 60
    xfail_s.o                   64                 4
    xfgpos.o                    12
    xfiles.o                             84      408
    xfofind.o                  156
    xfspos.o                   216
    xfwprep.o                  180
    xgetmemchunk.o              44                 4
    xlocale_c.o                  8       21       56
    xprintffull_nomb.o       4'034        8
    xprout.o                    22
    ------------------------------------------------
    Total:                   5'864      116      617

m7M_tl.a: [3]
    DblAdd.o                   362
    DblCmpGe.o                  46
    DblCmpLe.o                  46
    DblDiv.o                   582
    DblMul.o                   418
    DblSub.o                   226
    DblToS32.o                  58
    DblToU32.o                  40
    FltDiv.o                   252
    FltToDbl.o                  72
    S32ToDbl.o                  34
    S32ToFlt.o                  36
    U32ToDbl.o                  26
    frexp.o                    112
    ldexp.o                    314
    ------------------------------------------------
    Total:                   2'624

rt7M_tl.a: [4]
    ABImemcpy_unaligned.o      118
    I64DivMod.o                560
    I64DivZer.o                  2
    cexit.o                     14
    cmain.o                     30
    cstart_closeall.o
    cstartup_M.o                12
    data_init.o                 40
    lz77_init_single.o         120
    memchr.o                    88
    strchr.o                    22
    strlen.o                    54
    vector_table_M.o            66
    zero_init3.o                58
    ------------------------------------------------
    Total:                   1'184

shb_l.a: [5]
    close.o                     24
    dwrite.o                    30
    exit.o                      20
    iarttio.o                  124
    iarwrite.o                  34
    iarwstd.o                   32
    lseek.o                     74
    remove.o                    20
    write.o                     16
    ------------------------------------------------
    Total:                     374

    Gaps                        33        2
    Linker created                       32   16'384
----------------------------------------------------
    Grand Total:            10'207      178   17'005


*******************************************************************************
*** ENTRY LIST
***

Entry                       Address   Size  Type      Object
-----                       -------   ----  ----      ------
.iar.init_table$$Base    0x800'277c          --   Gb  - Linker created -
.iar.init_table$$Limit   0x800'279c          --   Gb  - Linker created -
?main                    0x800'279d         Code  Gb  cmain.o [4]
Aldata                  0x2000'0258    0x8  Data  Lc  heap0.o [2]
CSTACK$$Base            0x2000'0270          --   Gb  - Linker created -
CSTACK$$Limit           0x2000'2270          --   Gb  - Linker created -
HEAP$$Base              0x2000'2270          --   Gb  - Linker created -
HEAP$$Limit             0x2000'4270          --   Gb  - Linker created -
Region$$Table$$Base      0x800'277c          --   Gb  - Linker created -
Region$$Table$$Limit     0x800'279c          --   Gb  - Linker created -
_Close_all               0x800'2719   0x3c  Code  Gb  xcloseall.o [2]
_Files                  0x2000'0110   0x20  Data  Gb  xfiles.o [2]
_Fofree                  0x800'23ed   0x96  Code  Gb  xfofind.o [2]
_Fspos                   0x800'1ffd   0xd8  Code  Gb  xfspos.o [2]
_Fwprep                  0x800'2315   0xb4  Code  Gb  xfwprep.o [2]
_LitobFullNoMb           0x800'0dfd  0x10a  Code  Lc  xprintffull_nomb.o [2]
_Locale_lconv           0x2000'0000   0x38  Data  Lc  xlocale_c.o [2]
_Nnl                     0x800'2181    0xc  Code  Gb  xfgpos.o [2]
_PrintfFullNoMb          0x800'0041  0xd98  Code  Gb  xprintffull_nomb.o [2]
_Prout                   0x800'27f1   0x16  Code  Gb  xprout.o [2]
_PutcharFullNoMb         0x800'0f6d   0x20  Code  Lc  xprintffull_nomb.o [2]
_PutcharsFullNoMb        0x800'0f8d   0x2e  Code  Lc  xprintffull_nomb.o [2]
__aeabi_cdcmple          0x800'120d         Code  Gb  DblCmpLe.o [3]
__aeabi_cdrcmple         0x800'123d         Code  Gb  DblCmpGe.o [3]
__aeabi_d2iz             0x800'13a9         Code  Gb  DblToS32.o [3]
__aeabi_d2uiz            0x800'1735         Code  Gb  DblToU32.o [3]
__aeabi_ddiv             0x800'14ed         Code  Gb  DblDiv.o [3]
__aeabi_dmul             0x800'1779         Code  Gb  DblMul.o [3]
__aeabi_dsub             0x800'1409         Code  Gb  DblSub.o [3]
__aeabi_f2d              0x800'2531         Code  Gb  FltToDbl.o [3]
__aeabi_fdiv             0x800'1f01         Code  Gb  FltDiv.o [3]
__aeabi_i2d              0x800'13e5         Code  Gb  S32ToDbl.o [3]
__aeabi_i2f              0x800'250d         Code  Gb  S32ToFlt.o [3]
__aeabi_ldiv0            0x800'1cc9         Code  Gb  I64DivZer.o [4]
__aeabi_ui2d             0x800'175d         Code  Gb  U32ToDbl.o [3]
__aeabi_uldivmod         0x800'1925         Code  Gb  I64DivMod.o [4]
__basic_free             0x800'1e45   0x16  Code  Gb  heap0.o [2]
__basic_free_intern      0x800'1e5b   0x74  Code  Lc  heap0.o [2]
__basic_malloc           0x800'1d99   0x18  Code  Gb  heap0.o [2]
__basic_malloc_intern    0x800'1db1   0x94  Code  Lc  heap0.o [2]
__cexit_closeall         0x800'27c7         Code  Gb  cexit.o [4]
__close                  0x800'261f   0x18  Code  Gb  close.o [5]
__cmain                  0x800'279d         Code  Gb  cmain.o [4]
__cstart_closeall        0x800'2828         Data  Gb  cstart_closeall.o [4]
__data_GetMemChunk       0x800'1ed5   0x2c  Code  Gb  xgetmemchunk.o [2]
__data_GetMemChunk::start
                        0x2000'0268    0x4  Data  Lc  xgetmemchunk.o [2]
__dwrite                 0x800'22b5   0x1e  Code  Gb  dwrite.o [5]
__exit                   0x800'1ccd   0x14  Code  Gb  exit.o [5]
__iar_Fail_s             0x800'1055   0x1c  Code  Gb  xfail_s.o [2]
__iar_Memchr             0x800'10cd         Code  Gb  memchr.o [4]
__iar_Stderr            0x2000'00c8   0x48  Data  Gb  xfiles.o [2]
__iar_Stdin             0x2000'0038   0x48  Data  Gb  xfiles.o [2]
__iar_Stdout            0x2000'0080   0x48  Data  Gb  xfiles.o [2]
__iar_Strchr             0x800'103d         Code  Gb  strchr.o [4]
__iar_close_ttio         0x800'1ce1   0x2c  Code  Gb  iarttio.o [5]
__iar_dadd               0x800'1419         Code  Gb  DblSub.o [3]
__iar_data_init3         0x800'2755   0x28  Code  Gb  data_init.o [4]
__iar_dsub               0x800'1b5d         Code  Gb  DblAdd.o [3]
__iar_dsubStart          0x800'1b6f         Code  Gb  DblAdd.o [3]
__iar_frexp              0x800'11a9         Code  Gb  frexp.o [3]
__iar_frexp64            0x800'119d         Code  Gb  frexp.o [3]
__iar_frexpl             0x800'11a9         Code  Gb  frexp.o [3]
__iar_get_ttio           0x800'1d0d   0x4c  Code  Gb  iarttio.o [5]
__iar_ldexp64            0x800'126d         Code  Gb  ldexp.o [3]
__iar_lookup_ttioh       0x800'1d8b    0x4  Code  Gb  XShttio.o [2]
__iar_lz77_init_single3
                         0x800'264b   0x78  Code  Gb  lz77_init_single.o [4]
__iar_program_start      0x800'2815         Code  Gb  cstartup_M.o [4]
__iar_scalbln64          0x800'126d         Code  Gb  ldexp.o [3]
__iar_scalbn64           0x800'126d         Code  Gb  ldexp.o [3]
__iar_sh_Discard         0x800'21e9   0x42  Code  Gb  XShHandles.o [2]
__iar_sh_Move            0x800'222b   0x46  Code  Gb  XShHandles.o [2]
__iar_sh_Pos             0x800'2271   0x3e  Code  Gb  XShHandles.o [2]
__iar_sh_stdout          0x800'22d3   0x20  Code  Gb  iarwstd.o [5]
__iar_sh_write           0x800'22f3   0x22  Code  Gb  iarwrite.o [5]
__iar_ttio_guard_lock    0x800'1d5d   0x1e  Code  Gb  XShttio.o [2]
__iar_ttio_guard_unlock
                         0x800'1d7b   0x10  Code  Gb  XShttio.o [2]
__iar_ttio_handles      0x2000'0130    0x8  Data  Lc  XShttio.o [2]
__iar_unaligned_memcpy   0x800'1125         Code  Gb  ABImemcpy_unaligned.o [4]
__iar_unaligned_memcpy4
                         0x800'1145         Code  Gb  ABImemcpy_unaligned.o [4]
__iar_unaligned_memcpy8
                         0x800'1145         Code  Gb  ABImemcpy_unaligned.o [4]
__iar_zero_init3         0x800'1003   0x3a  Code  Gb  zero_init3.o [4]
__low_level_init         0x800'27bb    0x4  Code  Gb  low_level_init.o [2]
__lseek                  0x800'218d   0x4a  Code  Gb  lseek.o [5]
__vector_table           0x800'0000         Data  Gb  vector_table_M.o [4]
__write                  0x800'21d7   0x10  Code  Gb  write.o [5]
_call_main               0x800'27a9         Code  Gb  cmain.o [4]
_exit                    0x800'27c5         Code  Gb  cexit.o [4]
_main                    0x800'27b7         Code  Gb  cmain.o [4]
abort                    0x800'1b55    0x6  Code  Gb  abort.o [2]
conteggio               0x2000'0260    0x4  Data  Gb  main.o [1]
ebuf                    0x2000'01b8   0x50  Data  Lc  xfiles.o [2]
exit                     0x800'27bf    0x4  Code  Gb  exit.o [2]
fclose                   0x800'25a1   0x7e  Code  Gb  fclose.o [2]
fflush                   0x800'2149   0x34  Code  Gb  fflush.o [2]
fflushOne                0x800'20d5   0x74  Code  Lc  fflush.o [2]
fputc                    0x800'26c3   0x54  Code  Gb  fputc.o [2]
free                     0x800'2489    0x4  Code  Gb  heaptramp0.o [2]
frexp                    0x800'119d         Code  Gb  frexp.o [3]
frexpl                   0x800'119d         Code  Gb  frexp.o [3]
fseek                    0x800'23c9   0x24  Code  Gb  fseek.o [2]
ldexp                    0x800'126d         Code  Gb  ldexp.o [3]
ldexpl                   0x800'126d         Code  Gb  ldexp.o [3]
localeconv               0x800'191d    0x4  Code  Gb  xlocale_c.o [2]
main                     0x800'248d   0x80  Code  Gb  main.o [1]
memchr                   0x800'10cd         Code  Gb  memchr.o [4]
obuf                    0x2000'0208   0x50  Data  Lc  xfiles.o [2]
printf                   0x800'2579   0x28  Code  Gb  printf.o [2]
putchar                  0x800'2809    0xc  Code  Gb  putchar.o [2]
remove                   0x800'2637   0x14  Code  Gb  remove.o [5]
sFileInfo               0x2000'0138   0x80  Data  Lc  XShHandles.o [2]
scalbln                  0x800'126d         Code  Gb  ldexp.o [3]
scalblnl                 0x800'126d         Code  Gb  ldexp.o [3]
scalbn                   0x800'126d         Code  Gb  ldexp.o [3]
scalbnl                  0x800'126d         Code  Gb  ldexp.o [3]
scale                    0x800'0f07   0x46  Code  Lc  xprintffull_nomb.o [2]
sec_hand                0x2000'0264    0x4  Data  Lc  xfail_s.o [2]
strchr                   0x800'103d         Code  Gb  strchr.o [4]
strlen                   0x800'1095         Code  Gb  strlen.o [4]
ttio_guard              0x2000'026c    0x1  Data  Lc  XShttio.o [2]


[1] = C:\Users\Giuseppe Riccio\Documents\LaboratorioLMM\Debug\Obj
[2] = dl7M_tlf.a
[3] = m7M_tl.a
[4] = rt7M_tl.a
[5] = shb_l.a

  10'207 bytes of readonly  code memory
     178 bytes of readonly  data memory
  17'005 bytes of readwrite data memory

Errors: none
Warnings: none
