###############################################################################
#
# IAR ELF Linker V8.50.6.265/W32 for ARM                  29/Oct/2020  20:20:29
# Copyright 2007-2020 IAR Systems AB.
#
#    Output file  =
#        C:\Users\Giuseppe Riccio\Documents\LaboratorioLMM\ESERCIZIO
#        PULSANTE\Debug\Exe\AccensioneLEDpulsante.out
#    Map file     =
#        C:\Users\Giuseppe Riccio\Documents\LaboratorioLMM\ESERCIZIO
#        PULSANTE\Debug\List\AccensioneLEDpulsante.map
#    Command line =
#        -f C:\Users\GIUSEP~1\AppData\Local\Temp\EW9085.tmp ("C:\Users\Giuseppe
#        Riccio\Documents\LaboratorioLMM\ESERCIZIO PULSANTE\Debug\Obj\main.o"
#        --no_out_extension -o "C:\Users\Giuseppe
#        Riccio\Documents\LaboratorioLMM\ESERCIZIO
#        PULSANTE\Debug\Exe\AccensioneLEDpulsante.out" --redirect
#        _Printf=_PrintfFullNoMb --redirect _Scanf=_ScanfFullNoMb --map
#        "C:\Users\Giuseppe Riccio\Documents\LaboratorioLMM\ESERCIZIO
#        PULSANTE\Debug\List\AccensioneLEDpulsante.map" --config "C:\Program
#        Files (x86)\IAR Systems\Embedded Workbench
#        8.4\arm\config\linker\ST\stm32f303xC.icf" --semihosting --entry
#        __iar_program_start --vfe --text_out locale)
#
###############################################################################

*******************************************************************************
*** RUNTIME MODEL ATTRIBUTES
***

CppFlavor       = *
__SystemLibrary = DLib
__dlib_version  = 6


*******************************************************************************
*** HEAP SELECTION
***

The basic heap was selected because some modules are built with
size limitations (and not runtime checking), and --advanced_heap
was not specified.


*******************************************************************************
*** PLACEMENT SUMMARY
***

"A0":  place at address 0x800'0000 { ro section .intvec };
"P1":  place in [from 0x800'0000 to 0x803'ffff] { ro };
define block CSTACK with size = 8K, alignment = 8 { };
define block HEAP with size = 8K, alignment = 8 { };
"P2":  place in [from 0x2000'0000 to 0x2000'9fff] {
          rw, block CSTACK, block HEAP };

No sections matched the following patterns:

  rw               in "P2"
  section .ccmram  in "P3"


  Section   Kind         Address    Size  Object
  -------   ----         -------    ----  ------
"A0":                               0x40
  .intvec   ro code   0x800'0000    0x40  vector_table_M.o [4]
                    - 0x800'0040    0x40

"P1":                               0xcc
  .text     ro code   0x800'0040    0x54  main.o [1]
  .text     ro code   0x800'0094    0x22  fpinit_M.o [3]
  .text     ro code   0x800'00b6     0x2  vector_table_M.o [4]
  .text     ro code   0x800'00b8    0x1e  cmain.o [4]
  .text     ro code   0x800'00d6     0x4  low_level_init.o [2]
  .text     ro code   0x800'00da     0x4  exit.o [2]
  .text     ro code   0x800'00e0     0xa  cexit.o [4]
  .text     ro code   0x800'00ec    0x14  exit.o [5]
  .text     ro code   0x800'0100     0xc  cstartup_M.o [4]
                    - 0x800'010c    0xcc

"P2":                             0x2000
  CSTACK             0x2000'0000  0x2000  <Block>
    CSTACK  uninit   0x2000'0000  0x2000  <Block tail>
                   - 0x2000'2000  0x2000

Unused ranges:

         From           To      Size
         ----           --      ----
   0x800'010c   0x803'ffff  0x3'fef4
  0x2000'2000  0x2000'9fff    0x8000



*******************************************************************************
*** MODULE SUMMARY
***

    Module            ro code  rw data
    ------            -------  -------
command line/config:
    ----------------------------------
    Total:

C:\Users\Giuseppe Riccio\Documents\LaboratorioLMM\ESERCIZIO PULSANTE\Debug\Obj: [1]
    main.o                 84
    ----------------------------------
    Total:                 84

dl7M_tln.a: [2]
    exit.o                  4
    low_level_init.o        4
    ----------------------------------
    Total:                  8

m7M_tls.a: [3]
    fpinit_M.o             34
    ----------------------------------
    Total:                 34

rt7M_tl.a: [4]
    cexit.o                10
    cmain.o                30
    cstartup_M.o           12
    vector_table_M.o       66
    ----------------------------------
    Total:                118

shb_l.a: [5]
    exit.o                 20
    ----------------------------------
    Total:                 20

    Gaps                    4
    Linker created               8'192
--------------------------------------
    Grand Total:          268    8'192


*******************************************************************************
*** ENTRY LIST
***

Entry                     Address  Size  Type      Object
-----                     -------  ----  ----      ------
?main                  0x800'00b9        Code  Gb  cmain.o [4]
CSTACK$$Base          0x2000'0000         --   Gb  - Linker created -
CSTACK$$Limit         0x2000'2000         --   Gb  - Linker created -
Region$$Table$$Base           0x0         --   Gb  - Linker created -
Region$$Table$$Limit          0x0         --   Gb  - Linker created -
__cmain                0x800'00b9        Code  Gb  cmain.o [4]
__exit                 0x800'00ed  0x14  Code  Gb  exit.o [5]
__iar_init_vfp         0x800'0095        Code  Gb  fpinit_M.o [3]
__iar_program_start    0x800'0101        Code  Gb  cstartup_M.o [4]
__low_level_init       0x800'00d7   0x4  Code  Gb  low_level_init.o [2]
__vector_table         0x800'0000        Data  Gb  vector_table_M.o [4]
_call_main             0x800'00c5        Code  Gb  cmain.o [4]
_exit                  0x800'00e1        Code  Gb  cexit.o [4]
_main                  0x800'00d3        Code  Gb  cmain.o [4]
exit                   0x800'00db   0x4  Code  Gb  exit.o [2]
main                   0x800'0041  0x54  Code  Gb  main.o [1]


[1] = C:\Users\Giuseppe Riccio\Documents\LaboratorioLMM\ESERCIZIO PULSANTE\Debug\Obj
[2] = dl7M_tln.a
[3] = m7M_tls.a
[4] = rt7M_tl.a
[5] = shb_l.a

    268 bytes of readonly  code memory
  8'192 bytes of readwrite data memory

Errors: none
Warnings: none
