###############################################################################
#
# IAR ELF Linker V8.50.6.265/W32 for ARM                  19/Feb/2021  17:57:25
# Copyright 2007-2020 IAR Systems AB.
#
#    Output file  =
#        C:\Users\GiuseppeRiccio\Documents\LaboratorioLMM\SensoreTemperatura\Debug\Exe\SensoreTemperatura.out
#    Map file     =
#        C:\Users\GiuseppeRiccio\Documents\LaboratorioLMM\SensoreTemperatura\Debug\List\SensoreTemperatura.map
#    Command line =
#        -f C:\Users\GIUSEP~1\AppData\Local\Temp\EW8F73.tmp
#        (C:\Users\GiuseppeRiccio\Documents\LaboratorioLMM\SensoreTemperatura\Debug\Obj\main.o
#        C:\Users\GiuseppeRiccio\Documents\LaboratorioLMM\SensoreTemperatura\Debug\Obj\startup_stm32f30x.o
#        C:\Users\GiuseppeRiccio\Documents\LaboratorioLMM\SensoreTemperatura\Debug\Obj\stm32f30x_it.o
#        C:\Users\GiuseppeRiccio\Documents\LaboratorioLMM\SensoreTemperatura\Debug\Obj\system_stm32f30x.o
#        --no_out_extension -o
#        C:\Users\GiuseppeRiccio\Documents\LaboratorioLMM\SensoreTemperatura\Debug\Exe\SensoreTemperatura.out
#        --redirect _Printf=_PrintfFullNoMb --redirect _Scanf=_ScanfFullNoMb
#        --map
#        C:\Users\GiuseppeRiccio\Documents\LaboratorioLMM\SensoreTemperatura\Debug\List\SensoreTemperatura.map
#        --config "C:\Program Files (x86)\IAR Systems\Embedded Workbench
#        8.4\arm\config\linker\ST\stm32f303xC.icf" --semihosting --entry
#        __iar_program_start --vfe --text_out locale)
#
###############################################################################

*******************************************************************************
*** RUNTIME MODEL ATTRIBUTES
***

CppFlavor       = *
__SystemLibrary = DLib
__dlib_version  = 6


*******************************************************************************
*** HEAP SELECTION
***

The basic heap was selected because some modules are built with
size limitations (and not runtime checking), and --advanced_heap
was not specified.


*******************************************************************************
*** PLACEMENT SUMMARY
***

"A0":  place at address 0x800'0000 { ro section .intvec };
"P1":  place in [from 0x800'0000 to 0x803'ffff] { ro };
define block CSTACK with size = 8K, alignment = 8 { };
define block HEAP with size = 8K, alignment = 8 { };
"P2":  place in [from 0x2000'0000 to 0x2000'9fff] {
          rw, block CSTACK, block HEAP };

No sections matched the following patterns:

  section .ccmram  in "P3"


  Section          Kind         Address    Size  Object
  -------          ----         -------    ----  ------
"A0":                                     0x188
  .intvec          ro code   0x800'0000   0x188  startup_stm32f30x.o [1]
                           - 0x800'0188   0x188

"P1":                                     0xb5c
  .text            ro code   0x800'0188   0x246  DblDiv.o [3]
  .text            ro code   0x800'03ce    0x3a  zero_init3.o [4]
  .text            ro code   0x800'0408   0x1a2  DblMul.o [3]
  .text            ro code   0x800'05aa    0x12  stm32f30x_it.o [1]
  .text            ro code   0x800'05bc   0x17a  DblAdd.o [3]
  .text            ro code   0x800'0738    0xe2  DblSub.o [3]
  .text            ro code   0x800'081c   0x128  system_stm32f30x.o [1]
  .text            ro code   0x800'0944   0x10c  main.o [1]
  .text            ro code   0x800'0a50    0x1a  U32ToDbl.o [3]
  .text            ro code   0x800'0a6c    0x68  DblToFlt.o [3]
  .text            ro code   0x800'0ad4    0x48  FltToDbl.o [3]
  .text            ro code   0x800'0b1c    0x28  data_init.o [4]
  .text            ro code   0x800'0b44    0x22  fpinit_M.o [3]
  .iar.init_table  const     0x800'0b68    0x10  - Linker created -
  .text            ro code   0x800'0b78    0x1e  cmain.o [4]
  .text            ro code   0x800'0b96     0x4  low_level_init.o [2]
  .text            ro code   0x800'0b9a     0x4  exit.o [2]
  .text            ro code   0x800'0ba0     0xa  cexit.o [4]
  .text            ro code   0x800'0bac    0x14  exit.o [5]
  .text            ro code   0x800'0bc0    0x10  startup_stm32f30x.o [1]
  .text            ro code   0x800'0bd0     0xc  cstartup_M.o [4]
  .text            ro code   0x800'0bdc     0x4  startup_stm32f30x.o [1]
  .text            ro code   0x800'0be0     0x4  startup_stm32f30x.o [1]
  .text            ro code   0x800'0be4     0x4  startup_stm32f30x.o [1]
  .text            ro code   0x800'0be8     0x4  startup_stm32f30x.o [1]
  .text            ro code   0x800'0bec     0x4  startup_stm32f30x.o [1]
  .text            ro code   0x800'0bf0     0x4  startup_stm32f30x.o [1]
  .text            ro code   0x800'0bf4     0x4  startup_stm32f30x.o [1]
  .text            ro code   0x800'0bf8     0x4  startup_stm32f30x.o [1]
  .text            ro code   0x800'0bfc     0x4  startup_stm32f30x.o [1]
  .text            ro code   0x800'0c00     0x4  startup_stm32f30x.o [1]
  .text            ro code   0x800'0c04     0x4  startup_stm32f30x.o [1]
  .text            ro code   0x800'0c08     0x4  startup_stm32f30x.o [1]
  .text            ro code   0x800'0c0c     0x4  startup_stm32f30x.o [1]
  .text            ro code   0x800'0c10     0x4  startup_stm32f30x.o [1]
  .text            ro code   0x800'0c14     0x4  startup_stm32f30x.o [1]
  .text            ro code   0x800'0c18     0x4  startup_stm32f30x.o [1]
  .text            ro code   0x800'0c1c     0x4  startup_stm32f30x.o [1]
  .text            ro code   0x800'0c20     0x4  startup_stm32f30x.o [1]
  .text            ro code   0x800'0c24     0x4  startup_stm32f30x.o [1]
  .text            ro code   0x800'0c28     0x4  startup_stm32f30x.o [1]
  .text            ro code   0x800'0c2c     0x4  startup_stm32f30x.o [1]
  .text            ro code   0x800'0c30     0x4  startup_stm32f30x.o [1]
  .text            ro code   0x800'0c34     0x4  startup_stm32f30x.o [1]
  .text            ro code   0x800'0c38     0x4  startup_stm32f30x.o [1]
  .text            ro code   0x800'0c3c     0x4  startup_stm32f30x.o [1]
  .text            ro code   0x800'0c40     0x4  startup_stm32f30x.o [1]
  .text            ro code   0x800'0c44     0x4  startup_stm32f30x.o [1]
  .text            ro code   0x800'0c48     0x4  startup_stm32f30x.o [1]
  .text            ro code   0x800'0c4c     0x4  startup_stm32f30x.o [1]
  .text            ro code   0x800'0c50     0x4  startup_stm32f30x.o [1]
  .text            ro code   0x800'0c54     0x4  startup_stm32f30x.o [1]
  .text            ro code   0x800'0c58     0x4  startup_stm32f30x.o [1]
  .text            ro code   0x800'0c5c     0x4  startup_stm32f30x.o [1]
  .text            ro code   0x800'0c60     0x4  startup_stm32f30x.o [1]
  .text            ro code   0x800'0c64     0x4  startup_stm32f30x.o [1]
  .text            ro code   0x800'0c68     0x4  startup_stm32f30x.o [1]
  .text            ro code   0x800'0c6c     0x4  startup_stm32f30x.o [1]
  .text            ro code   0x800'0c70     0x4  startup_stm32f30x.o [1]
  .text            ro code   0x800'0c74     0x4  startup_stm32f30x.o [1]
  .text            ro code   0x800'0c78     0x4  startup_stm32f30x.o [1]
  .text            ro code   0x800'0c7c     0x4  startup_stm32f30x.o [1]
  .text            ro code   0x800'0c80     0x4  startup_stm32f30x.o [1]
  .text            ro code   0x800'0c84     0x4  startup_stm32f30x.o [1]
  .text            ro code   0x800'0c88     0x4  startup_stm32f30x.o [1]
  .text            ro code   0x800'0c8c     0x4  startup_stm32f30x.o [1]
  .text            ro code   0x800'0c90     0x4  startup_stm32f30x.o [1]
  .text            ro code   0x800'0c94     0x4  startup_stm32f30x.o [1]
  .text            ro code   0x800'0c98     0x4  startup_stm32f30x.o [1]
  .text            ro code   0x800'0c9c     0x4  startup_stm32f30x.o [1]
  .text            ro code   0x800'0ca0     0x4  startup_stm32f30x.o [1]
  .text            ro code   0x800'0ca4     0x4  startup_stm32f30x.o [1]
  .text            ro code   0x800'0ca8     0x4  startup_stm32f30x.o [1]
  .text            ro code   0x800'0cac     0x4  startup_stm32f30x.o [1]
  .text            ro code   0x800'0cb0     0x4  startup_stm32f30x.o [1]
  .text            ro code   0x800'0cb4     0x4  startup_stm32f30x.o [1]
  .text            ro code   0x800'0cb8     0x4  startup_stm32f30x.o [1]
  .text            ro code   0x800'0cbc     0x4  startup_stm32f30x.o [1]
  .text            ro code   0x800'0cc0     0x4  startup_stm32f30x.o [1]
  .text            ro code   0x800'0cc4     0x4  startup_stm32f30x.o [1]
  .text            ro code   0x800'0cc8     0x4  startup_stm32f30x.o [1]
  .text            ro code   0x800'0ccc     0x4  startup_stm32f30x.o [1]
  .text            ro code   0x800'0cd0     0x4  startup_stm32f30x.o [1]
  .text            ro code   0x800'0cd4     0x4  startup_stm32f30x.o [1]
  .text            ro code   0x800'0cd8     0x4  startup_stm32f30x.o [1]
  .text            ro code   0x800'0cdc     0x4  startup_stm32f30x.o [1]
  .text            ro code   0x800'0ce0     0x4  startup_stm32f30x.o [1]
  .rodata          const     0x800'0ce4     0x0  zero_init3.o [4]
                           - 0x800'0ce4   0xb5c

"P2", part 1 of 2:                          0x8
  .bss             zero     0x2000'0000     0x4  main.o [1]
  .bss             zero     0x2000'0004     0x4  main.o [1]
                          - 0x2000'0008     0x8

"P2", part 2 of 2:                       0x2000
  CSTACK                    0x2000'0008  0x2000  <Block>
    CSTACK         uninit   0x2000'0008  0x2000  <Block tail>
                          - 0x2000'2008  0x2000

Unused ranges:

         From           To      Size
         ----           --      ----
   0x800'0ce4   0x803'ffff  0x3'f31c
  0x2000'2008  0x2000'9fff    0x7ff8


*******************************************************************************
*** INIT TABLE
***

          Address      Size
          -------      ----
Zero (__iar_zero_init3)
    1 destination range, total size 0x8:
          0x2000'0000   0x8



*******************************************************************************
*** MODULE SUMMARY
***

    Module               ro code  ro data  rw data
    ------               -------  -------  -------
command line/config:
    ----------------------------------------------
    Total:

C:\Users\GiuseppeRiccio\Documents\LaboratorioLMM\SensoreTemperatura\Debug\Obj: [1]
    main.o                   268                 8
    startup_stm32f30x.o      672
    stm32f30x_it.o            18
    system_stm32f30x.o       296
    ----------------------------------------------
    Total:                 1'254                 8

dl7M_tln.a: [2]
    exit.o                     4
    low_level_init.o           4
    ----------------------------------------------
    Total:                     8

m7M_tls.a: [3]
    DblAdd.o                 378
    DblDiv.o                 582
    DblMul.o                 418
    DblSub.o                 226
    DblToFlt.o               104
    FltToDbl.o                72
    U32ToDbl.o                26
    fpinit_M.o                34
    ----------------------------------------------
    Total:                 1'840

rt7M_tl.a: [4]
    cexit.o                   10
    cmain.o                   30
    cstartup_M.o              12
    data_init.o               40
    zero_init3.o              58
    ----------------------------------------------
    Total:                   150

shb_l.a: [5]
    exit.o                    20
    ----------------------------------------------
    Total:                    20

    Gaps                      10        2
    Linker created                     16    8'192
--------------------------------------------------
    Grand Total:           3'282       18    8'200


*******************************************************************************
*** ENTRY LIST
***

Entry                       Address   Size  Type      Object
-----                       -------   ----  ----      ------
.iar.init_table$$Base    0x800'0b68          --   Gb  - Linker created -
.iar.init_table$$Limit   0x800'0b78          --   Gb  - Linker created -
?main                    0x800'0b79         Code  Gb  cmain.o [4]
BusFault_Handler         0x800'05b1    0x2  Code  Gb  stm32f30x_it.o [1]
CSTACK$$Base            0x2000'0008          --   Gb  - Linker created -
CSTACK$$Limit           0x2000'2008          --   Gb  - Linker created -
DebugMon_Handler         0x800'05b7    0x2  Code  Gb  stm32f30x_it.o [1]
HardFault_Handler        0x800'05ad    0x2  Code  Gb  stm32f30x_it.o [1]
MemManage_Handler        0x800'05af    0x2  Code  Gb  stm32f30x_it.o [1]
NMI_Handler              0x800'05ab    0x2  Code  Gb  stm32f30x_it.o [1]
PendSV_Handler           0x800'05b9    0x2  Code  Gb  stm32f30x_it.o [1]
Region$$Table$$Base      0x800'0b68          --   Gb  - Linker created -
Region$$Table$$Limit     0x800'0b78          --   Gb  - Linker created -
SVC_Handler              0x800'05b5    0x2  Code  Gb  stm32f30x_it.o [1]
SetSysClock              0x800'087d   0x9a  Code  Lc  system_stm32f30x.o [1]
SysTick_Handler          0x800'05bb    0x2  Code  Gb  stm32f30x_it.o [1]
SystemInit               0x800'081d   0x60  Code  Gb  system_stm32f30x.o [1]
UsageFault_Handler       0x800'05b3    0x2  Code  Gb  stm32f30x_it.o [1]
__aeabi_d2f              0x800'0a6d         Code  Gb  DblToFlt.o [3]
__aeabi_dadd             0x800'05bd         Code  Gb  DblAdd.o [3]
__aeabi_ddiv             0x800'0189         Code  Gb  DblDiv.o [3]
__aeabi_dmul             0x800'0409         Code  Gb  DblMul.o [3]
__aeabi_dsub             0x800'0739         Code  Gb  DblSub.o [3]
__aeabi_f2d              0x800'0ad5         Code  Gb  FltToDbl.o [3]
__aeabi_ui2d             0x800'0a51         Code  Gb  U32ToDbl.o [3]
__cmain                  0x800'0b79         Code  Gb  cmain.o [4]
__exit                   0x800'0bad   0x14  Code  Gb  exit.o [5]
__iar_dadd               0x800'0749         Code  Gb  DblSub.o [3]
__iar_data_init3         0x800'0b1d   0x28  Code  Gb  data_init.o [4]
__iar_dsub               0x800'05cd         Code  Gb  DblAdd.o [3]
__iar_dsubStart          0x800'05df         Code  Gb  DblAdd.o [3]
__iar_init_vfp           0x800'0b45         Code  Gb  fpinit_M.o [3]
__iar_program_start      0x800'0bd1         Code  Gb  cstartup_M.o [4]
__iar_zero_init3         0x800'03cf   0x3a  Code  Gb  zero_init3.o [4]
__low_level_init         0x800'0b97    0x4  Code  Gb  low_level_init.o [2]
__vector_table           0x800'0000         Data  Gb  startup_stm32f30x.o [1]
_call_main               0x800'0b85         Code  Gb  cmain.o [4]
_exit                    0x800'0ba1         Code  Gb  cexit.o [4]
_main                    0x800'0b93         Code  Gb  cmain.o [4]
exit                     0x800'0b9b    0x4  Code  Gb  exit.o [2]
main                     0x800'0945  0x10c  Code  Gb  main.o [1]
temperatura             0x2000'0004    0x4  Data  Gb  main.o [1]
tensione                0x2000'0000    0x4  Data  Gb  main.o [1]


[1] = C:\Users\GiuseppeRiccio\Documents\LaboratorioLMM\SensoreTemperatura\Debug\Obj
[2] = dl7M_tln.a
[3] = m7M_tls.a
[4] = rt7M_tl.a
[5] = shb_l.a

  3'282 bytes of readonly  code memory
     18 bytes of readonly  data memory
  8'200 bytes of readwrite data memory

Errors: none
Warnings: none
