###############################################################################
#
# IAR ELF Linker V8.50.6.265/W32 for ARM                  14/Dec/2020  16:21:25
# Copyright 2007-2020 IAR Systems AB.
#
#    Output file  =
#        C:\Users\GiuseppeRiccio\Documents\LaboratorioLMM\ADC_PA0\Debug\Exe\ADC_PA0.out
#    Map file     =
#        C:\Users\GiuseppeRiccio\Documents\LaboratorioLMM\ADC_PA0\Debug\List\ADC_PA0.map
#    Command line =
#        -f C:\Users\GIUSEP~1\AppData\Local\Temp\EW9850.tmp
#        (C:\Users\GiuseppeRiccio\Documents\LaboratorioLMM\ADC_PA0\Debug\Obj\main.o
#        C:\Users\GiuseppeRiccio\Documents\LaboratorioLMM\ADC_PA0\Debug\Obj\startup_stm32f30x.o
#        C:\Users\GiuseppeRiccio\Documents\LaboratorioLMM\ADC_PA0\Debug\Obj\stm32f30x_it.o
#        C:\Users\GiuseppeRiccio\Documents\LaboratorioLMM\ADC_PA0\Debug\Obj\system_stm32f30x.o
#        --no_out_extension -o
#        C:\Users\GiuseppeRiccio\Documents\LaboratorioLMM\ADC_PA0\Debug\Exe\ADC_PA0.out
#        --redirect _Printf=_PrintfFullNoMb --redirect _Scanf=_ScanfFullNoMb
#        --map
#        C:\Users\GiuseppeRiccio\Documents\LaboratorioLMM\ADC_PA0\Debug\List\ADC_PA0.map
#        --config "C:\Program Files (x86)\IAR Systems\Embedded Workbench
#        8.4\arm\config\linker\ST\stm32f303xC.icf" --semihosting --entry
#        __iar_program_start --vfe --text_out locale)
#
###############################################################################

*******************************************************************************
*** RUNTIME MODEL ATTRIBUTES
***

CppFlavor       = *
__SystemLibrary = DLib
__dlib_version  = 6


*******************************************************************************
*** HEAP SELECTION
***

The basic heap was selected because some modules are built with
size limitations (and not runtime checking), and --advanced_heap
was not specified.


*******************************************************************************
*** PLACEMENT SUMMARY
***

"A0":  place at address 0x800'0000 { ro section .intvec };
"P1":  place in [from 0x800'0000 to 0x803'ffff] { ro };
define block CSTACK with size = 8K, alignment = 8 { };
define block HEAP with size = 8K, alignment = 8 { };
"P2":  place in [from 0x2000'0000 to 0x2000'9fff] {
          rw, block CSTACK, block HEAP };

No sections matched the following patterns:

  section .ccmram  in "P3"


  Section          Kind         Address    Size  Object
  -------          ----         -------    ----  ------
"A0":                                     0x188
  .intvec          ro code   0x800'0000   0x188  startup_stm32f30x.o [1]
                           - 0x800'0188   0x188

"P1":                                     0x638
  .text            ro code   0x800'0188   0x1a2  DblMul.o [3]
  .text            ro code   0x800'032a    0x3a  zero_init3.o [4]
  .text            ro code   0x800'0364   0x128  system_stm32f30x.o [1]
  .text            ro code   0x800'048c    0xd8  main.o [1]
  .text            ro code   0x800'0564    0x1a  U32ToDbl.o [3]
  .text            ro code   0x800'057e    0x12  stm32f30x_it.o [1]
  .text            ro code   0x800'0590    0x68  DblToFlt.o [3]
  .text            ro code   0x800'05f8    0x28  data_init.o [4]
  .text            ro code   0x800'0620    0x22  fpinit_M.o [3]
  .iar.init_table  const     0x800'0644    0x10  - Linker created -
  .text            ro code   0x800'0654    0x1e  cmain.o [4]
  .text            ro code   0x800'0672     0x4  low_level_init.o [2]
  .text            ro code   0x800'0676     0x4  exit.o [2]
  .text            ro code   0x800'067c     0xa  cexit.o [4]
  .text            ro code   0x800'0688    0x14  exit.o [5]
  .text            ro code   0x800'069c    0x10  startup_stm32f30x.o [1]
  .text            ro code   0x800'06ac     0xc  cstartup_M.o [4]
  .text            ro code   0x800'06b8     0x4  startup_stm32f30x.o [1]
  .text            ro code   0x800'06bc     0x4  startup_stm32f30x.o [1]
  .text            ro code   0x800'06c0     0x4  startup_stm32f30x.o [1]
  .text            ro code   0x800'06c4     0x4  startup_stm32f30x.o [1]
  .text            ro code   0x800'06c8     0x4  startup_stm32f30x.o [1]
  .text            ro code   0x800'06cc     0x4  startup_stm32f30x.o [1]
  .text            ro code   0x800'06d0     0x4  startup_stm32f30x.o [1]
  .text            ro code   0x800'06d4     0x4  startup_stm32f30x.o [1]
  .text            ro code   0x800'06d8     0x4  startup_stm32f30x.o [1]
  .text            ro code   0x800'06dc     0x4  startup_stm32f30x.o [1]
  .text            ro code   0x800'06e0     0x4  startup_stm32f30x.o [1]
  .text            ro code   0x800'06e4     0x4  startup_stm32f30x.o [1]
  .text            ro code   0x800'06e8     0x4  startup_stm32f30x.o [1]
  .text            ro code   0x800'06ec     0x4  startup_stm32f30x.o [1]
  .text            ro code   0x800'06f0     0x4  startup_stm32f30x.o [1]
  .text            ro code   0x800'06f4     0x4  startup_stm32f30x.o [1]
  .text            ro code   0x800'06f8     0x4  startup_stm32f30x.o [1]
  .text            ro code   0x800'06fc     0x4  startup_stm32f30x.o [1]
  .text            ro code   0x800'0700     0x4  startup_stm32f30x.o [1]
  .text            ro code   0x800'0704     0x4  startup_stm32f30x.o [1]
  .text            ro code   0x800'0708     0x4  startup_stm32f30x.o [1]
  .text            ro code   0x800'070c     0x4  startup_stm32f30x.o [1]
  .text            ro code   0x800'0710     0x4  startup_stm32f30x.o [1]
  .text            ro code   0x800'0714     0x4  startup_stm32f30x.o [1]
  .text            ro code   0x800'0718     0x4  startup_stm32f30x.o [1]
  .text            ro code   0x800'071c     0x4  startup_stm32f30x.o [1]
  .text            ro code   0x800'0720     0x4  startup_stm32f30x.o [1]
  .text            ro code   0x800'0724     0x4  startup_stm32f30x.o [1]
  .text            ro code   0x800'0728     0x4  startup_stm32f30x.o [1]
  .text            ro code   0x800'072c     0x4  startup_stm32f30x.o [1]
  .text            ro code   0x800'0730     0x4  startup_stm32f30x.o [1]
  .text            ro code   0x800'0734     0x4  startup_stm32f30x.o [1]
  .text            ro code   0x800'0738     0x4  startup_stm32f30x.o [1]
  .text            ro code   0x800'073c     0x4  startup_stm32f30x.o [1]
  .text            ro code   0x800'0740     0x4  startup_stm32f30x.o [1]
  .text            ro code   0x800'0744     0x4  startup_stm32f30x.o [1]
  .text            ro code   0x800'0748     0x4  startup_stm32f30x.o [1]
  .text            ro code   0x800'074c     0x4  startup_stm32f30x.o [1]
  .text            ro code   0x800'0750     0x4  startup_stm32f30x.o [1]
  .text            ro code   0x800'0754     0x4  startup_stm32f30x.o [1]
  .text            ro code   0x800'0758     0x4  startup_stm32f30x.o [1]
  .text            ro code   0x800'075c     0x4  startup_stm32f30x.o [1]
  .text            ro code   0x800'0760     0x4  startup_stm32f30x.o [1]
  .text            ro code   0x800'0764     0x4  startup_stm32f30x.o [1]
  .text            ro code   0x800'0768     0x4  startup_stm32f30x.o [1]
  .text            ro code   0x800'076c     0x4  startup_stm32f30x.o [1]
  .text            ro code   0x800'0770     0x4  startup_stm32f30x.o [1]
  .text            ro code   0x800'0774     0x4  startup_stm32f30x.o [1]
  .text            ro code   0x800'0778     0x4  startup_stm32f30x.o [1]
  .text            ro code   0x800'077c     0x4  startup_stm32f30x.o [1]
  .text            ro code   0x800'0780     0x4  startup_stm32f30x.o [1]
  .text            ro code   0x800'0784     0x4  startup_stm32f30x.o [1]
  .text            ro code   0x800'0788     0x4  startup_stm32f30x.o [1]
  .text            ro code   0x800'078c     0x4  startup_stm32f30x.o [1]
  .text            ro code   0x800'0790     0x4  startup_stm32f30x.o [1]
  .text            ro code   0x800'0794     0x4  startup_stm32f30x.o [1]
  .text            ro code   0x800'0798     0x4  startup_stm32f30x.o [1]
  .text            ro code   0x800'079c     0x4  startup_stm32f30x.o [1]
  .text            ro code   0x800'07a0     0x4  startup_stm32f30x.o [1]
  .text            ro code   0x800'07a4     0x4  startup_stm32f30x.o [1]
  .text            ro code   0x800'07a8     0x4  startup_stm32f30x.o [1]
  .text            ro code   0x800'07ac     0x4  startup_stm32f30x.o [1]
  .text            ro code   0x800'07b0     0x4  startup_stm32f30x.o [1]
  .text            ro code   0x800'07b4     0x4  startup_stm32f30x.o [1]
  .text            ro code   0x800'07b8     0x4  startup_stm32f30x.o [1]
  .text            ro code   0x800'07bc     0x4  startup_stm32f30x.o [1]
  .rodata          const     0x800'07c0     0x0  zero_init3.o [4]
                           - 0x800'07c0   0x638

"P2", part 1 of 2:                          0x4
  .bss             zero     0x2000'0000     0x4  main.o [1]
                          - 0x2000'0004     0x4

"P2", part 2 of 2:                       0x2000
  CSTACK                    0x2000'0008  0x2000  <Block>
    CSTACK         uninit   0x2000'0008  0x2000  <Block tail>
                          - 0x2000'2008  0x2000

Unused ranges:

         From           To      Size
         ----           --      ----
   0x800'07c0   0x803'ffff  0x3'f840
  0x2000'0004  0x2000'0007       0x4
  0x2000'2008  0x2000'9fff    0x7ff8


*******************************************************************************
*** INIT TABLE
***

          Address      Size
          -------      ----
Zero (__iar_zero_init3)
    1 destination range, total size 0x4:
          0x2000'0000   0x4



*******************************************************************************
*** MODULE SUMMARY
***

    Module               ro code  ro data  rw data
    ------               -------  -------  -------
command line/config:
    ----------------------------------------------
    Total:

C:\Users\GiuseppeRiccio\Documents\LaboratorioLMM\ADC_PA0\Debug\Obj: [1]
    main.o                   216                 4
    startup_stm32f30x.o      672
    stm32f30x_it.o            18
    system_stm32f30x.o       296
    ----------------------------------------------
    Total:                 1'202                 4

dl7M_tln.a: [2]
    exit.o                     4
    low_level_init.o           4
    ----------------------------------------------
    Total:                     8

m7M_tls.a: [3]
    DblMul.o                 418
    DblToFlt.o               104
    U32ToDbl.o                26
    fpinit_M.o                34
    ----------------------------------------------
    Total:                   582

rt7M_tl.a: [4]
    cexit.o                   10
    cmain.o                   30
    cstartup_M.o              12
    data_init.o               40
    zero_init3.o              58
    ----------------------------------------------
    Total:                   150

shb_l.a: [5]
    exit.o                    20
    ----------------------------------------------
    Total:                    20

    Gaps                       4        2
    Linker created                     16    8'192
--------------------------------------------------
    Grand Total:           1'966       18    8'196


*******************************************************************************
*** ENTRY LIST
***

Entry                       Address  Size  Type      Object
-----                       -------  ----  ----      ------
.iar.init_table$$Base    0x800'0644         --   Gb  - Linker created -
.iar.init_table$$Limit   0x800'0654         --   Gb  - Linker created -
?main                    0x800'0655        Code  Gb  cmain.o [4]
BusFault_Handler         0x800'0585   0x2  Code  Gb  stm32f30x_it.o [1]
CSTACK$$Base            0x2000'0008         --   Gb  - Linker created -
CSTACK$$Limit           0x2000'2008         --   Gb  - Linker created -
DebugMon_Handler         0x800'058b   0x2  Code  Gb  stm32f30x_it.o [1]
HardFault_Handler        0x800'0581   0x2  Code  Gb  stm32f30x_it.o [1]
MemManage_Handler        0x800'0583   0x2  Code  Gb  stm32f30x_it.o [1]
NMI_Handler              0x800'057f   0x2  Code  Gb  stm32f30x_it.o [1]
PendSV_Handler           0x800'058d   0x2  Code  Gb  stm32f30x_it.o [1]
Region$$Table$$Base      0x800'0644         --   Gb  - Linker created -
Region$$Table$$Limit     0x800'0654         --   Gb  - Linker created -
SVC_Handler              0x800'0589   0x2  Code  Gb  stm32f30x_it.o [1]
SetSysClock              0x800'03c5  0x9a  Code  Lc  system_stm32f30x.o [1]
SysTick_Handler          0x800'058f   0x2  Code  Gb  stm32f30x_it.o [1]
SystemInit               0x800'0365  0x60  Code  Gb  system_stm32f30x.o [1]
UsageFault_Handler       0x800'0587   0x2  Code  Gb  stm32f30x_it.o [1]
__aeabi_d2f              0x800'0591        Code  Gb  DblToFlt.o [3]
__aeabi_dmul             0x800'0189        Code  Gb  DblMul.o [3]
__aeabi_ui2d             0x800'0565        Code  Gb  U32ToDbl.o [3]
__cmain                  0x800'0655        Code  Gb  cmain.o [4]
__exit                   0x800'0689  0x14  Code  Gb  exit.o [5]
__iar_data_init3         0x800'05f9  0x28  Code  Gb  data_init.o [4]
__iar_init_vfp           0x800'0621        Code  Gb  fpinit_M.o [3]
__iar_program_start      0x800'06ad        Code  Gb  cstartup_M.o [4]
__iar_zero_init3         0x800'032b  0x3a  Code  Gb  zero_init3.o [4]
__low_level_init         0x800'0673   0x4  Code  Gb  low_level_init.o [2]
__vector_table           0x800'0000        Data  Gb  startup_stm32f30x.o [1]
_call_main               0x800'0661        Code  Gb  cmain.o [4]
_exit                    0x800'067d        Code  Gb  cexit.o [4]
_main                    0x800'066f        Code  Gb  cmain.o [4]
exit                     0x800'0677   0x4  Code  Gb  exit.o [2]
main                     0x800'048d  0xd8  Code  Gb  main.o [1]
tensione                0x2000'0000   0x4  Data  Gb  main.o [1]


[1] = C:\Users\GiuseppeRiccio\Documents\LaboratorioLMM\ADC_PA0\Debug\Obj
[2] = dl7M_tln.a
[3] = m7M_tls.a
[4] = rt7M_tl.a
[5] = shb_l.a

  1'966 bytes of readonly  code memory
     18 bytes of readonly  data memory
  8'196 bytes of readwrite data memory

Errors: none
Warnings: none
